WS2812.cpp:48:6:void led_set_RGB(uint8_t, uint8_t, uint8_t, uint8_t)	12	static
WS2812.cpp:62:6:void led_set_RGBW(uint8_t, uint8_t, uint8_t, uint8_t, uint8_t)	8	static
WS2812.cpp:70:6:void led_set_all_RGB(uint8_t, uint8_t, uint8_t)	24	static
WS2812.cpp:75:6:void led_set_all_RGBW(uint8_t, uint8_t, uint8_t, uint8_t)	32	static
WS2812.cpp:80:6:void led_render()	8	static
WS2812.cpp:115:6:void HAL_TIM_PWM_PulseFinishedHalfCpltCallback(TIM_HandleTypeDef*)	12	static
WS2812.cpp:143:6:void HAL_TIM_PWM_PulseFinishedCallback(TIM_HandleTypeDef*)	16	static
WS2812.cpp:175:10:uint32_t hsl_to_rgb(uint8_t, uint8_t, uint8_t)	24	static
WS2812.cpp:11:6:void RGB_Updaate()	8	static
